[backblue.gif]
[fade.gif]
[index.html]
[at.alicdn.com/t/font_2010950_sh9o0r7ahar.css]
[takagi-api.com/file/1/halo-theme-sakura/1.3.4/source/css/lib.css]
[takagi-api.com/file/1/halo-theme-sakura/1.3.4/source/css/highlight/highlight-Dracula.css]
[takagi-api.com/file/1/halo-theme-sakura/1.3.4/source/lib/APlayer/APlayer.min.css]
[takagi-api.com/file/1/halo-theme-sakura/1.3.4/source/lib/jqcloud2/jqcloud.min.css]
[unpkg.com/katex@0.12.0/dist/katex.min.css]
[takagi-api.com/file/1/halo-theme-sakura/1.3.4/source/images/play@32x32.png]
[takagi-api.com/file/1/halo-theme-sakura/1.3.4/source/images/sns/qq.png]
[takagi-api.com/file/1/halo-theme-sakura/1.3.4/source/images/sns/github.png]
[takagi-api.com/file/1/halo-theme-sakura/1.3.4/source/images/sns/bilibili.png]
[takagi-api.com/file/1/halo-theme-sakura/1.3.4/source/images/sns/wangyiyun.png]
[takagi-api.com/file/1/halo-theme-sakura/1.3.4/source/images/sns/jianshu.png]
[takagi-api.com/file/1/halo-theme-sakura/1.3.4/source/images/sns/zhihu.png]
[takagi-api.com/file/1/halo-theme-sakura/1.3.4/source/images/sns/csdn.png]
[10.250.102.232_8090/upload/2022/11/ppp.jpg]
[10.250.102.232_8090/upload/2022/11/232714_15916861484833160.jpg]
[10.250.102.232_8090/upload/2022/11/62258773_p0d397eedbbb1fd68e.png]
[10.250.102.232_8090/upload/2022/11/声之形 石田将也 西宫硝子4k动漫壁纸4096x2160_彼岸图网_15916868180083160.jpg]
[takagi-api.com/file/1/halo-theme-sakura/1.3.4/script/utils.minc412.js]
[takagi-api.com/file/1/halo-theme-sakura/1.3.4/source/lib/lazysizes/lazysizes.min.js]
[takagi-api.com/file/1/halo-theme-sakura/1.3.4/source/lib/imagesloaded/imagesloaded.pkgd.min.js]
[takagi-api.com/file/1/halo-theme-sakura/1.3.4/source/lib/isotope.pkgd.min/index.js]
[takagi-api.com/file/1/halo-theme-sakura/1.3.4/source/js/highlight/highlightjs-line-numbers.min.js]
[takagi-api.com/file/1/halo-theme-sakura/1.3.4/source/lib/APlayer/APlayer.min.js]
[takagi-api.com/file/1/halo-theme-sakura/1.3.4/source/js/highlight/highlight.pack.js]
[takagi-api.com/file/1/halo-theme-sakura/1.3.4/plugins/aplayer/js/index.js]
[takagi-api.com/file/1/halo-theme-sakura/1.3.4/source/lib/tocbot/dist/tocbot.min.js]
[takagi-api.com/file/1/halo-theme-sakura/1.3.4/source/js/lib.js]
[takagi-api.com/file/1/halo-theme-sakura/1.3.4/source/lib/jqcloud2/jqcloud.min.js]
[takagi-api.com/file/1/halo-theme-sakura/1.3.4/source/js/qrcode.min.js]
[takagi-api.com/file/1/halo-theme-sakura/1.3.4/source/js/comment/sakura-comment.minc412.js]
[takagi-api.com/file/1/halo-theme-sakura/1.3.4/source/lib/flv.min/index.js]
[10.250.102.232_8090/themes/LIlGG_Sakura/script/app.minc412.js]
[takagi-api.com/file/1/halo-theme-sakura/1.3.4/script/i18n.minc412.js]
[takagi-api.com/file/1/halo-theme-sakura/1.3.4/source/js/echarts/echarts.min.js]
[10.250.102.232_8090/themes/LIlGG_Sakura/plugins/live2d/js/takagi-tips.min.js]
[10.250.102.232_8090/themes/LIlGG_Sakura/plugins/live2d/js/live2d.min.js]
[10.250.102.232_8090/index.html]
[10.250.102.232_8090/themes/LIlGG_Sakura/styles/style.minc412.css]
[at.alicdn.com/t/font_2010950_sh9o0r7ahar55e6.woff2]
[at.alicdn.com/t/font_2010950_sh9o0r7ahar55e6.woff]
[at.alicdn.com/t/font_2010950_sh9o0r7ahar55e6.ttf]
[at.alicdn.com/t/font_2010950_sh9o0r7ahar.css]
[takagi-api.com/file/1/halo-theme-sakura/1.3.4/source/css/lib.css]
[takagi-api.com/file/1/halo-theme-sakura/1.3.4/source/css/highlight/highlight-Dracula.css]
[takagi-api.com/file/1/halo-theme-sakura/1.3.4/source/lib/jquery-ui/jquery-ui.min.js]
[takagi-api.com/file/1/halo-theme-sakura/1.3.4/source/lib/APlayer/APlayer.min.css]
[takagi-api.com/file/1/halo-theme-sakura/1.3.4/source/lib/jqcloud2/jqcloud.min.css]
[unpkg.com/katex@0.12.0/dist/fonts/KaTeX_AMS-Regular.woff2]
[unpkg.com/katex@0.12.0/dist/fonts/KaTeX_AMS-Regular.woff]
[unpkg.com/katex@0.12.0/dist/fonts/KaTeX_Caligraphic-Bold.woff2]
[unpkg.com/katex@0.12.0/dist/fonts/KaTeX_Caligraphic-Bold.woff]
[unpkg.com/katex@0.12.0/dist/fonts/KaTeX_Caligraphic-Regular.woff2]
[unpkg.com/katex@0.12.0/dist/fonts/KaTeX_Caligraphic-Bold.ttf]
[unpkg.com/katex@0.12.0/dist/fonts/KaTeX_AMS-Regular.ttf]
[unpkg.com/katex@0.12.0/dist/fonts/KaTeX_Caligraphic-Regular.woff]
[unpkg.com/katex@0.12.0/dist/fonts/KaTeX_Fraktur-Bold.woff2]
[unpkg.com/katex@0.12.0/dist/fonts/KaTeX_Fraktur-Bold.woff]
[unpkg.com/katex@0.12.0/dist/fonts/KaTeX_Caligraphic-Regular.ttf]
[unpkg.com/katex@0.12.0/dist/fonts/KaTeX_Fraktur-Regular.woff2]
[unpkg.com/katex@0.12.0/dist/fonts/KaTeX_Fraktur-Regular.woff]
[unpkg.com/katex@0.12.0/dist/fonts/KaTeX_Fraktur-Bold.ttf]
[unpkg.com/katex@0.12.0/dist/fonts/KaTeX_Main-Bold.woff2]
[unpkg.com/katex@0.12.0/dist/fonts/KaTeX_Main-Bold.woff]
[unpkg.com/katex@0.12.0/dist/fonts/KaTeX_Fraktur-Regular.ttf]
[unpkg.com/katex@0.12.0/dist/fonts/KaTeX_Main-BoldItalic.woff2]
[unpkg.com/katex@0.12.0/dist/fonts/KaTeX_Main-BoldItalic.woff]
[unpkg.com/katex@0.12.0/dist/fonts/KaTeX_Main-Bold.ttf]
[unpkg.com/katex@0.12.0/dist/fonts/KaTeX_Main-BoldItalic.ttf]
[unpkg.com/katex@0.12.0/dist/fonts/KaTeX_Main-Italic.woff2]
[unpkg.com/katex@0.12.0/dist/fonts/KaTeX_Main-Italic.woff]
[unpkg.com/katex@0.12.0/dist/fonts/KaTeX_Main-Regular.woff2]
[unpkg.com/katex@0.12.0/dist/fonts/KaTeX_Main-Italic.ttf]
[unpkg.com/katex@0.12.0/dist/fonts/KaTeX_Main-Regular.woff]
[unpkg.com/katex@0.12.0/dist/fonts/KaTeX_Math-BoldItalic.woff2]
[unpkg.com/katex@0.12.0/dist/fonts/KaTeX_Main-Regular.ttf]
[unpkg.com/katex@0.12.0/dist/fonts/KaTeX_Math-BoldItalic.woff]
[unpkg.com/katex@0.12.0/dist/fonts/KaTeX_Math-Italic.woff2]
[unpkg.com/katex@0.12.0/dist/fonts/KaTeX_Math-Italic.woff]
[unpkg.com/katex@0.12.0/dist/fonts/KaTeX_Math-BoldItalic.ttf]
[unpkg.com/katex@0.12.0/dist/fonts/KaTeX_SansSerif-Bold.woff2]
[unpkg.com/katex@0.12.0/dist/fonts/KaTeX_SansSerif-Bold.woff]
[unpkg.com/katex@0.12.0/dist/fonts/KaTeX_Math-Italic.ttf]
[unpkg.com/katex@0.12.0/dist/fonts/KaTeX_SansSerif-Italic.woff2]
[unpkg.com/katex@0.12.0/dist/fonts/KaTeX_SansSerif-Italic.woff]
[unpkg.com/katex@0.12.0/dist/fonts/KaTeX_SansSerif-Bold.ttf]
[unpkg.com/katex@0.12.0/dist/fonts/KaTeX_SansSerif-Italic.ttf]
[unpkg.com/katex@0.12.0/dist/fonts/KaTeX_SansSerif-Regular.woff2]
[unpkg.com/katex@0.12.0/dist/fonts/KaTeX_SansSerif-Regular.woff]
[unpkg.com/katex@0.12.0/dist/fonts/KaTeX_SansSerif-Regular.ttf]
[unpkg.com/katex@0.12.0/dist/fonts/KaTeX_Script-Regular.woff2]
[unpkg.com/katex@0.12.0/dist/fonts/KaTeX_Script-Regular.woff]
[unpkg.com/katex@0.12.0/dist/fonts/KaTeX_Script-Regular.ttf]
[unpkg.com/katex@0.12.0/dist/fonts/KaTeX_Size1-Regular.woff2]
[unpkg.com/katex@0.12.0/dist/fonts/KaTeX_Size1-Regular.woff]
[unpkg.com/katex@0.12.0/dist/fonts/KaTeX_Size1-Regular.ttf]
[unpkg.com/katex@0.12.0/dist/fonts/KaTeX_Size2-Regular.woff2]
[unpkg.com/katex@0.12.0/dist/fonts/KaTeX_Size2-Regular.woff]
[unpkg.com/katex@0.12.0/dist/fonts/KaTeX_Size2-Regular.ttf]
[unpkg.com/katex@0.12.0/dist/fonts/KaTeX_Size3-Regular.woff2]
[unpkg.com/katex@0.12.0/dist/fonts/KaTeX_Size3-Regular.woff]
[unpkg.com/katex@0.12.0/dist/fonts/KaTeX_Size3-Regular.ttf]
[unpkg.com/katex@0.12.0/dist/fonts/KaTeX_Size4-Regular.woff2]
[unpkg.com/katex@0.12.0/dist/fonts/KaTeX_Size4-Regular.woff]
[unpkg.com/katex@0.12.0/dist/fonts/KaTeX_Size4-Regular.ttf]
[unpkg.com/katex@0.12.0/dist/fonts/KaTeX_Typewriter-Regular.woff2]
[unpkg.com/katex@0.12.0/dist/fonts/KaTeX_Typewriter-Regular.woff]
[unpkg.com/katex@0.12.0/dist/katex.min.css]
[10.250.102.232_8090/1.html]
[10.250.102.232_8090/archives.html]
[10.250.102.232_8090/categories/default.html]
[10.250.102.232_8090/s/yin-le.html]
[10.250.102.232_8090/s/about.html]
[unpkg.com/katex@0.12.0/dist/fonts/KaTeX_Typewriter-Regular.ttf]
[takagi-api.com/file/1/halo-theme-sakura/1.3.4/source/images/sns/weibo.png]
[takagi-api.com/file/1/halo-theme-sakura/1.3.4/source/images/sns/wechat.png]
[takagi-api.com/file/1/halo-theme-sakura/1.3.4/source/images/sns/douban.png]
[takagi-api.com/file/1/halo-theme-sakura/1.3.4/source/images/sns/qzone.png]
[takagi-api.com/file/1/halo-theme-sakura/1.3.4/source/images/sns/linkedin.png]
[10.250.102.232_8090/archives/hello-halo.html]
[10.250.102.232_8090/themes/LIlGG_Sakura/plugins/live2d/css/flat-ui-icons-regular.eot]
[10.250.102.232_8090/themes/LIlGG_Sakura/plugins/live2d/css/flat-ui-icons-regulard41d.eot]
[10.250.102.232_8090/themes/LIlGG_Sakura/plugins/live2d/css/flat-ui-icons-regular.woff]
[10.250.102.232_8090/themes/LIlGG_Sakura/plugins/live2d/css/flat-ui-icons-regular.ttf]
[10.250.102.232_8090/themes/LIlGG_Sakura/plugins/live2d/css/takagi.min.css]
[10.250.102.232_8090/categories/1.html]
[10.250.102.232_8090/s/1.html]
[10.250.102.232_8090/archives/1.html]
[10.250.102.232_8090/themes/LIlGG_Sakura/plugins/live2d/css/flat-ui-icons-regular.svg]
